{
    "@context": "/api/contexts/ConstraintViolationList",
    "@type": "ConstraintViolationList",
    "hydra:title": "An error occurred",
    "hydra:description": "password: This value should not be blank.",
    "violations": [
        {
            "propertyPath": "password",
            "message": "This value should not be blank.",
            "code": "@string@"
        }
    ]
}
