{
    "@context": "/api/contexts/ConstraintViolationList",
    "@type": "ConstraintViolationList",
    "hydra:title": "An error occurred",
    "hydra:description": "@string@",
    "violations": [
        {
            "propertyPath": "currentPassword",
            "message": "This value should not be blank."
        },
        {
           "propertyPath": "currentPassword",
           "message": "Provided password is different than the current one."
        },
        {
            "propertyPath": "newPassword",
            "message": "This value should not be blank."
        }
    ]
}
