{
    "@context": "/api/contexts/ConstraintViolationList",
    "@type": "ConstraintViolationList",
    "hydra:title": "An error occurred",
    "hydra:description": "email: Please enter your email.",
    "violations": [
        {
            "propertyPath": "email",
            "message": "Please enter your email.",
            "code": "@string@"
        }
    ]
}
