{
    "@context": "/api/contexts/ConstraintViolationList",
    "@type": "ConstraintViolationList",
    "hydra:title": "An error occurred",
    "hydra:description": "@string@",
    "violations": [
        {
            "propertyPath": "password",
            "message": "Password must be at least 4 characters long.",
            "code": "@string@"
        }
    ]
}
