{
    "@context": "/api/contexts/Customer",
    "@id": "@string@.startsWith('/api/customers/')",
    "@type": "Customer",
    "id": @integer@,
    "email": "inigo.montoya@prepare-to-die.com",
    "firstName": "Inigo",
    "lastName": "Montoya",
    "subscribedToNewsletter": true
}
