{
    "@context": "/api/contexts/ConstraintViolationList",
    "@type": "ConstraintViolationList",
    "hydra:title": "An error occurred",
    "hydra:description": "currentPassword: Provided password is different than the current one.",
    "violations": [
        {
            "propertyPath": "currentPassword",
            "message": "Provided password is different than the current one.",
            "code": null
        }
    ]
}
